// Jest Snapshot v1, https://goo.gl/fbAQLP

exports[`elements/Hero when hero is initialized, hero should match snapshot 1`] = `
<div class="dp-hero dp-hero--auto">
  <div class="dp-hero__bg" style="background-image: url(https://picsum.photos/1440/500?random);">
    <div class="dp-hero__content"></div>
  </div>
  <!---->
  <div class="dp-hero__curve">
    <svg width="1440px" height="131px" viewBox="0 0 1440 131" version="1.1" xmlns="http://www.w3.org/2000/svg" xmlns:xlink="http://www.w3.org/1999/xlink" preserveAspectRatio="xMidYMax">
      <path d="m0,0c458.78016,173.11964 980.65089,173.33387 1440,0l0,130.92008l-1440,0l0,-130.92008z" fill="#FFFFFF"></path>
    </svg>
  </div>
</div>
`;
